../Core/Src/main.c:50:8:set	16	static
../Core/Src/main.c:56:6:reset	16	static
../Core/Src/main.c:62:6:readButton	8	static
../Core/Src/main.c:116:5:get_readButton	16	static
../Core/Src/main.c:161:5:main	32	static
../Core/Src/main.c:346:6:SystemClock_Config	88	static
../Core/Src/main.c:394:13:MX_TIM11_Init	24	static
../Core/Src/main.c:439:13:MX_USART2_UART_Init	8	static
../Core/Src/main.c:472:13:MX_GPIO_Init	48	static
../Core/Src/main.c:550:6:HAL_TIM_PeriodElapsedCallback	16	static
../Core/Src/main.c:567:6:Error_Handler	4	static,ignoring_inline_asm
