../Core/Src/main.c:52:8:set	16	static
../Core/Src/main.c:58:6:reset	16	static
../Core/Src/main.c:64:6:readButton	8	static
../Core/Src/main.c:118:5:get_readButton	16	static
../Core/Src/main.c:149:5:main	24	static
../Core/Src/main.c:351:6:SystemClock_Config	88	static
../Core/Src/main.c:399:13:MX_TIM11_Init	24	static
../Core/Src/main.c:444:13:MX_USART2_UART_Init	8	static
../Core/Src/main.c:477:13:MX_GPIO_Init	48	static
../Core/Src/main.c:555:6:HAL_TIM_PeriodElapsedCallback	16	static
../Core/Src/main.c:572:6:Error_Handler	4	static,ignoring_inline_asm
